
==========================================================================
finish report_tns
--------------------------------------------------------------------------
tns max 0.00

==========================================================================
finish report_wns
--------------------------------------------------------------------------
wns max 0.00

==========================================================================
finish report_worst_slack
--------------------------------------------------------------------------
worst slack max 0.06

==========================================================================
finish report_clock_min_period
--------------------------------------------------------------------------
clk period_min = 9.94 fmax = 100.62

==========================================================================
finish report_clock_skew
--------------------------------------------------------------------------
Clock clk
   1.35 source latency MEM_WB_mem[52]$_DFF_P_/CLK ^
  -1.18 target latency RF.registers[12][52]$_DFFE_PP_/CLK ^
   0.20 clock uncertainty
   0.00 CRPR
--------------
   0.37 setup skew


==========================================================================
finish report_checks -path_delay min
--------------------------------------------------------------------------
Startpoint: EX_MEM_PC[59]$_DFF_P_
            (rising edge-triggered flip-flop clocked by clk)
Endpoint: MEM_WB_PC[59]$_DFF_P_ (rising edge-triggered flip-flop clocked by clk)
Path Group: clk
Path Type: min

Fanout     Cap    Slew   Delay    Time   Description
-----------------------------------------------------------------------------
                          0.00    0.00   clock clk (rise edge)
                          0.00    0.00   clock source latency
     1    0.09    0.25    0.19    0.19 ^ clk (in)
                                         clk (net)
                  0.25    0.00    0.19 ^ clkbuf_0_clk/A (sky130_fd_sc_hd__clkbuf_16)
     4    0.19    0.20    0.31    0.50 ^ clkbuf_0_clk/X (sky130_fd_sc_hd__clkbuf_16)
                                         clknet_0_clk (net)
                  0.20    0.01    0.50 ^ clkbuf_2_3_0_clk/A (sky130_fd_sc_hd__clkbuf_16)
     8    0.21    0.22    0.31    0.81 ^ clkbuf_2_3_0_clk/X (sky130_fd_sc_hd__clkbuf_16)
                                         clknet_2_3_0_clk (net)
                  0.22    0.01    0.82 ^ clkbuf_5_24__f_clk/A (sky130_fd_sc_hd__clkbuf_16)
     9    0.16    0.17    0.28    1.10 ^ clkbuf_5_24__f_clk/X (sky130_fd_sc_hd__clkbuf_16)
                                         clknet_5_24__leaf_clk (net)
                  0.17    0.00    1.10 ^ clkbuf_leaf_147_clk/A (sky130_fd_sc_hd__clkbuf_16)
     9    0.03    0.05    0.18    1.28 ^ clkbuf_leaf_147_clk/X (sky130_fd_sc_hd__clkbuf_16)
                                         clknet_leaf_147_clk (net)
                  0.05    0.00    1.28 ^ EX_MEM_PC[59]$_DFF_P_/CLK (sky130_fd_sc_hd__dfxtp_1)
     1    0.00    0.04    0.30    1.58 ^ EX_MEM_PC[59]$_DFF_P_/Q (sky130_fd_sc_hd__dfxtp_1)
                                         EX_MEM_PC[59] (net)
                  0.04    0.00    1.58 ^ MEM_WB_PC[59]$_DFF_P_/D (sky130_fd_sc_hd__dfxtp_1)
                                  1.58   data arrival time

                          0.00    0.00   clock clk (rise edge)
                          0.00    0.00   clock source latency
     1    0.09    0.25    0.19    0.19 ^ clk (in)
                                         clk (net)
                  0.25    0.00    0.19 ^ clkbuf_0_clk/A (sky130_fd_sc_hd__clkbuf_16)
     4    0.19    0.20    0.31    0.50 ^ clkbuf_0_clk/X (sky130_fd_sc_hd__clkbuf_16)
                                         clknet_0_clk (net)
                  0.20    0.01    0.50 ^ clkbuf_2_3_0_clk/A (sky130_fd_sc_hd__clkbuf_16)
     8    0.21    0.22    0.31    0.81 ^ clkbuf_2_3_0_clk/X (sky130_fd_sc_hd__clkbuf_16)
                                         clknet_2_3_0_clk (net)
                  0.22    0.01    0.82 ^ clkbuf_5_26__f_clk/A (sky130_fd_sc_hd__clkbuf_16)
     9    0.21    0.22    0.32    1.14 ^ clkbuf_5_26__f_clk/X (sky130_fd_sc_hd__clkbuf_16)
                                         clknet_5_26__leaf_clk (net)
                  0.22    0.00    1.14 ^ clkbuf_leaf_188_clk/A (sky130_fd_sc_hd__clkbuf_16)
     6    0.04    0.06    0.20    1.34 ^ clkbuf_leaf_188_clk/X (sky130_fd_sc_hd__clkbuf_16)
                                         clknet_leaf_188_clk (net)
                  0.06    0.00    1.34 ^ MEM_WB_PC[59]$_DFF_P_/CLK (sky130_fd_sc_hd__dfxtp_1)
                          0.20    1.54   clock uncertainty
                          0.00    1.54   clock reconvergence pessimism
                         -0.03    1.51   library hold time
                                  1.51   data required time
-----------------------------------------------------------------------------
                                  1.51   data required time
                                 -1.58   data arrival time
-----------------------------------------------------------------------------
                                  0.07   slack (MET)



==========================================================================
finish report_checks -path_delay max
--------------------------------------------------------------------------
Startpoint: EX_MEM_rd[2]$_DFF_P_
            (rising edge-triggered flip-flop clocked by clk)
Endpoint: ID_EX_rs1[16]$_SDFF_PP0_
          (rising edge-triggered flip-flop clocked by clk)
Path Group: clk
Path Type: max

Fanout     Cap    Slew   Delay    Time   Description
-----------------------------------------------------------------------------
                          0.00    0.00   clock clk (rise edge)
                          0.00    0.00   clock source latency
     1    0.09    0.25    0.19    0.19 ^ clk (in)
                                         clk (net)
                  0.25    0.00    0.19 ^ clkbuf_0_clk/A (sky130_fd_sc_hd__clkbuf_16)
     4    0.19    0.20    0.31    0.50 ^ clkbuf_0_clk/X (sky130_fd_sc_hd__clkbuf_16)
                                         clknet_0_clk (net)
                  0.20    0.01    0.50 ^ clkbuf_2_1_0_clk/A (sky130_fd_sc_hd__clkbuf_16)
     8    0.21    0.22    0.31    0.81 ^ clkbuf_2_1_0_clk/X (sky130_fd_sc_hd__clkbuf_16)
                                         clknet_2_1_0_clk (net)
                  0.22    0.01    0.82 ^ clkbuf_5_11__f_clk/A (sky130_fd_sc_hd__clkbuf_16)
    13    0.18    0.19    0.30    1.12 ^ clkbuf_5_11__f_clk/X (sky130_fd_sc_hd__clkbuf_16)
                                         clknet_5_11__leaf_clk (net)
                  0.19    0.01    1.12 ^ clkbuf_leaf_246_clk/A (sky130_fd_sc_hd__clkbuf_16)
    10    0.04    0.06    0.19    1.31 ^ clkbuf_leaf_246_clk/X (sky130_fd_sc_hd__clkbuf_16)
                                         clknet_leaf_246_clk (net)
                  0.06    0.00    1.31 ^ EX_MEM_rd[2]$_DFF_P_/CLK (sky130_fd_sc_hd__dfxtp_1)
     2    0.01    0.04    0.31    1.62 v EX_MEM_rd[2]$_DFF_P_/Q (sky130_fd_sc_hd__dfxtp_1)
                                         EX_MEM_rd[2] (net)
                  0.04    0.00    1.63 v _08704_/A (sky130_fd_sc_hd__or4_4)
     2    0.01    0.10    0.55    2.18 v _08704_/X (sky130_fd_sc_hd__or4_4)
                                         _03761_ (net)
                  0.10    0.00    2.18 v _08715_/B (sky130_fd_sc_hd__or2_4)
     3    0.02    0.07    0.28    2.46 v _08715_/X (sky130_fd_sc_hd__or2_4)
                                         _03772_ (net)
                  0.07    0.00    2.46 v _08735_/A3 (sky130_fd_sc_hd__a31oi_4)
     4    0.03    0.28    0.30    2.76 ^ _08735_/Y (sky130_fd_sc_hd__a31oi_4)
                                         _03790_ (net)
                  0.28    0.00    2.76 ^ place4034/A (sky130_fd_sc_hd__buf_4)
     6    0.03    0.09    0.22    2.98 ^ place4034/X (sky130_fd_sc_hd__buf_4)
                                         net4033 (net)
                  0.09    0.00    2.98 ^ _08910_/A1 (sky130_fd_sc_hd__a31o_4)
     2    0.03    0.12    0.21    3.19 ^ _08910_/X (sky130_fd_sc_hd__a31o_4)
                                         _03955_ (net)
                  0.12    0.00    3.19 ^ _08912_/A (sky130_fd_sc_hd__clkinv_2)
     3    0.02    0.07    0.10    3.30 v _08912_/Y (sky130_fd_sc_hd__clkinv_2)
                                         _03957_ (net)
                  0.07    0.00    3.30 v _13866_/A1 (sky130_fd_sc_hd__o21ai_0)
     1    0.01    0.24    0.24    3.54 ^ _13866_/Y (sky130_fd_sc_hd__o21ai_0)
                                         ALU.B_eff[3] (net)
                  0.24    0.00    3.54 ^ _17288_/B (sky130_fd_sc_hd__ha_1)
     3    0.01    0.08    0.30    3.84 v _17288_/SUM (sky130_fd_sc_hd__ha_1)
                                         ALU.u_adder.block0.p[3] (net)
                  0.08    0.00    3.84 v _08570_/A1 (sky130_fd_sc_hd__a21o_1)
     1    0.00    0.03    0.16    4.00 v _08570_/X (sky130_fd_sc_hd__a21o_1)
                                         _03628_ (net)
                  0.03    0.00    4.00 v _08571_/B1 (sky130_fd_sc_hd__a31o_2)
     1    0.00    0.04    0.20    4.20 v _08571_/X (sky130_fd_sc_hd__a31o_2)
                                         _03629_ (net)
                  0.04    0.00    4.20 v _08572_/B1 (sky130_fd_sc_hd__a41o_1)
     1    0.00    0.04    0.20    4.40 v _08572_/X (sky130_fd_sc_hd__a41o_1)
                                         _03630_ (net)
                  0.04    0.00    4.40 v _08573_/B1 (sky130_fd_sc_hd__a31o_2)
     2    0.02    0.07    0.25    4.65 v _08573_/X (sky130_fd_sc_hd__a31o_2)
                                         _03631_ (net)
                  0.07    0.00    4.65 v _08586_/A2 (sky130_fd_sc_hd__a21oi_4)
     2    0.01    0.14    0.18    4.83 ^ _08586_/Y (sky130_fd_sc_hd__a21oi_4)
                                         _03644_ (net)
                  0.14    0.00    4.83 ^ place2764/A (sky130_fd_sc_hd__buf_4)
     7    0.03    0.10    0.19    5.02 ^ place2764/X (sky130_fd_sc_hd__buf_4)
                                         net2763 (net)
                  0.10    0.00    5.02 ^ _10765_/C (sky130_fd_sc_hd__nor3_1)
     1    0.00    0.03    0.05    5.07 v _10765_/Y (sky130_fd_sc_hd__nor3_1)
                                         _05662_ (net)
                  0.03    0.00    5.07 v _10768_/B1 (sky130_fd_sc_hd__a311oi_1)
     1    0.00    0.22    0.24    5.31 ^ _10768_/Y (sky130_fd_sc_hd__a311oi_1)
                                         _05665_ (net)
                  0.22    0.00    5.31 ^ place2745/A (sky130_fd_sc_hd__buf_4)
     1    0.02    0.07    0.18    5.49 ^ place2745/X (sky130_fd_sc_hd__buf_4)
                                         net2744 (net)
                  0.07    0.00    5.49 ^ _10771_/A2 (sky130_fd_sc_hd__o21ai_0)
     1    0.01    0.17    0.14    5.64 v _10771_/Y (sky130_fd_sc_hd__o21ai_0)
                                         _05668_ (net)
                  0.17    0.00    5.64 v _10774_/C1 (sky130_fd_sc_hd__a2111oi_0)
     1    0.01    0.93    0.84    6.47 ^ _10774_/Y (sky130_fd_sc_hd__a2111oi_0)
                                         _05671_ (net)
                  0.93    0.00    6.48 ^ place2729/A (sky130_fd_sc_hd__buf_4)
     1    0.00    0.05    0.23    6.71 ^ place2729/X (sky130_fd_sc_hd__buf_4)
                                         net2728 (net)
                  0.05    0.00    6.71 ^ _10789_/B1 (sky130_fd_sc_hd__o2111ai_1)
     1    0.01    0.14    0.15    6.86 v _10789_/Y (sky130_fd_sc_hd__o2111ai_1)
                                         _05686_ (net)
                  0.14    0.00    6.86 v _10790_/C (sky130_fd_sc_hd__or3_1)
     2    0.01    0.09    0.37    7.23 v _10790_/X (sky130_fd_sc_hd__or3_1)
                                         ALU.result[15] (net)
                  0.09    0.00    7.23 v _10966_/A (sky130_fd_sc_hd__or4_1)
     1    0.01    0.11    0.56    7.79 v _10966_/X (sky130_fd_sc_hd__or4_1)
                                         _05851_ (net)
                  0.11    0.00    7.79 v _11269_/A (sky130_fd_sc_hd__or4_1)
     1    0.00    0.09    0.54    8.34 v _11269_/X (sky130_fd_sc_hd__or4_1)
                                         _06137_ (net)
                  0.09    0.00    8.34 v place2671/A (sky130_fd_sc_hd__buf_4)
     1    0.05    0.08    0.21    8.54 v place2671/X (sky130_fd_sc_hd__buf_4)
                                         net2670 (net)
                  0.08    0.00    8.55 v _11672_/B (sky130_fd_sc_hd__nor4_4)
     1    0.01    0.23    0.28    8.83 ^ _11672_/Y (sky130_fd_sc_hd__nor4_4)
                                         _06511_ (net)
                  0.23    0.00    8.83 ^ _12272_/A (sky130_fd_sc_hd__and4_4)
     1    0.01    0.07    0.27    9.10 ^ _12272_/X (sky130_fd_sc_hd__and4_4)
                                         _07047_ (net)
                  0.07    0.00    9.10 ^ place2654/A (sky130_fd_sc_hd__buf_12)
     2    0.05    0.07    0.13    9.22 ^ place2654/X (sky130_fd_sc_hd__buf_12)
                                         net2653 (net)
                  0.07    0.01    9.24 ^ _12537_/A (sky130_fd_sc_hd__and3_4)
     2    0.02    0.08    0.21    9.44 ^ _12537_/X (sky130_fd_sc_hd__and3_4)
                                         _07286_ (net)
                  0.08    0.00    9.45 ^ _12546_/A1 (sky130_fd_sc_hd__a211oi_4)
     2    0.01    0.07    0.07    9.52 v _12546_/Y (sky130_fd_sc_hd__a211oi_4)
                                         _07295_ (net)
                  0.07    0.00    9.52 v _12592_/A (sky130_fd_sc_hd__nor4_4)
     1    0.01    0.20    0.28    9.80 ^ _12592_/Y (sky130_fd_sc_hd__nor4_4)
                                         _07341_ (net)
                  0.20    0.00    9.80 ^ rebuffer4613/A (sky130_fd_sc_hd__buf_6)
     2    0.04    0.08    0.17    9.97 ^ rebuffer4613/X (sky130_fd_sc_hd__buf_6)
                                         net4612 (net)
                  0.08    0.00    9.97 ^ place2630/A (sky130_fd_sc_hd__buf_12)
     3    0.03    0.05    0.12   10.09 ^ place2630/X (sky130_fd_sc_hd__buf_12)
                                         net2629 (net)
                  0.05    0.00   10.09 ^ _15123_/C1 (sky130_fd_sc_hd__o211ai_1)
     4    0.02    0.30    0.22   10.31 v _15123_/Y (sky130_fd_sc_hd__o211ai_1)
                                         _02068_ (net)
                  0.30    0.00   10.31 v rebuffer4617/A (sky130_fd_sc_hd__buf_6)
     5    0.07    0.07    0.27   10.58 v rebuffer4617/X (sky130_fd_sc_hd__buf_6)
                                         net4616 (net)
                  0.07    0.01   10.59 v clone4616/A (sky130_fd_sc_hd__buf_12)
     8    0.10    0.06    0.17   10.76 v clone4616/X (sky130_fd_sc_hd__buf_12)
                                         net4615 (net)
                  0.06    0.00   10.76 v _15843_/B1 (sky130_fd_sc_hd__a211oi_2)
     1    0.00    0.15    0.18   10.94 ^ _15843_/Y (sky130_fd_sc_hd__a211oi_2)
                                         _00736_ (net)
                  0.15    0.00   10.94 ^ ID_EX_rs1[16]$_SDFF_PP0_/D (sky130_fd_sc_hd__dfxtp_1)
                                 10.94   data arrival time

                         10.00   10.00   clock clk (rise edge)
                          0.00   10.00   clock source latency
     1    0.09    0.25    0.19   10.19 ^ clk (in)
                                         clk (net)
                  0.25    0.00   10.19 ^ clkbuf_0_clk/A (sky130_fd_sc_hd__clkbuf_16)
     4    0.19    0.20    0.31   10.50 ^ clkbuf_0_clk/X (sky130_fd_sc_hd__clkbuf_16)
                                         clknet_0_clk (net)
                  0.20    0.01   10.50 ^ clkbuf_2_0_0_clk/A (sky130_fd_sc_hd__clkbuf_16)
     8    0.17    0.18    0.29   10.79 ^ clkbuf_2_0_0_clk/X (sky130_fd_sc_hd__clkbuf_16)
                                         clknet_2_0_0_clk (net)
                  0.18    0.00   10.79 ^ clkbuf_5_7__f_clk/A (sky130_fd_sc_hd__clkbuf_16)
    14    0.19    0.20    0.29   11.09 ^ clkbuf_5_7__f_clk/X (sky130_fd_sc_hd__clkbuf_16)
                                         clknet_5_7__leaf_clk (net)
                  0.20    0.01   11.09 ^ clkbuf_leaf_261_clk/A (sky130_fd_sc_hd__clkbuf_16)
     8    0.03    0.05    0.19   11.28 ^ clkbuf_leaf_261_clk/X (sky130_fd_sc_hd__clkbuf_16)
                                         clknet_leaf_261_clk (net)
                  0.05    0.00   11.28 ^ ID_EX_rs1[16]$_SDFF_PP0_/CLK (sky130_fd_sc_hd__dfxtp_1)
                         -0.20   11.08   clock uncertainty
                          0.00   11.08   clock reconvergence pessimism
                         -0.08   11.00   library setup time
                                 11.00   data required time
-----------------------------------------------------------------------------
                                 11.00   data required time
                                -10.94   data arrival time
-----------------------------------------------------------------------------
                                  0.06   slack (MET)



==========================================================================
finish report_checks -unconstrained
--------------------------------------------------------------------------
Startpoint: EX_MEM_rd[2]$_DFF_P_
            (rising edge-triggered flip-flop clocked by clk)
Endpoint: ID_EX_rs1[16]$_SDFF_PP0_
          (rising edge-triggered flip-flop clocked by clk)
Path Group: clk
Path Type: max

Fanout     Cap    Slew   Delay    Time   Description
-----------------------------------------------------------------------------
                          0.00    0.00   clock clk (rise edge)
                          0.00    0.00   clock source latency
     1    0.09    0.25    0.19    0.19 ^ clk (in)
                                         clk (net)
                  0.25    0.00    0.19 ^ clkbuf_0_clk/A (sky130_fd_sc_hd__clkbuf_16)
     4    0.19    0.20    0.31    0.50 ^ clkbuf_0_clk/X (sky130_fd_sc_hd__clkbuf_16)
                                         clknet_0_clk (net)
                  0.20    0.01    0.50 ^ clkbuf_2_1_0_clk/A (sky130_fd_sc_hd__clkbuf_16)
     8    0.21    0.22    0.31    0.81 ^ clkbuf_2_1_0_clk/X (sky130_fd_sc_hd__clkbuf_16)
                                         clknet_2_1_0_clk (net)
                  0.22    0.01    0.82 ^ clkbuf_5_11__f_clk/A (sky130_fd_sc_hd__clkbuf_16)
    13    0.18    0.19    0.30    1.12 ^ clkbuf_5_11__f_clk/X (sky130_fd_sc_hd__clkbuf_16)
                                         clknet_5_11__leaf_clk (net)
                  0.19    0.01    1.12 ^ clkbuf_leaf_246_clk/A (sky130_fd_sc_hd__clkbuf_16)
    10    0.04    0.06    0.19    1.31 ^ clkbuf_leaf_246_clk/X (sky130_fd_sc_hd__clkbuf_16)
                                         clknet_leaf_246_clk (net)
                  0.06    0.00    1.31 ^ EX_MEM_rd[2]$_DFF_P_/CLK (sky130_fd_sc_hd__dfxtp_1)
     2    0.01    0.04    0.31    1.62 v EX_MEM_rd[2]$_DFF_P_/Q (sky130_fd_sc_hd__dfxtp_1)
                                         EX_MEM_rd[2] (net)
                  0.04    0.00    1.63 v _08704_/A (sky130_fd_sc_hd__or4_4)
     2    0.01    0.10    0.55    2.18 v _08704_/X (sky130_fd_sc_hd__or4_4)
                                         _03761_ (net)
                  0.10    0.00    2.18 v _08715_/B (sky130_fd_sc_hd__or2_4)
     3    0.02    0.07    0.28    2.46 v _08715_/X (sky130_fd_sc_hd__or2_4)
                                         _03772_ (net)
                  0.07    0.00    2.46 v _08735_/A3 (sky130_fd_sc_hd__a31oi_4)
     4    0.03    0.28    0.30    2.76 ^ _08735_/Y (sky130_fd_sc_hd__a31oi_4)
                                         _03790_ (net)
                  0.28    0.00    2.76 ^ place4034/A (sky130_fd_sc_hd__buf_4)
     6    0.03    0.09    0.22    2.98 ^ place4034/X (sky130_fd_sc_hd__buf_4)
                                         net4033 (net)
                  0.09    0.00    2.98 ^ _08910_/A1 (sky130_fd_sc_hd__a31o_4)
     2    0.03    0.12    0.21    3.19 ^ _08910_/X (sky130_fd_sc_hd__a31o_4)
                                         _03955_ (net)
                  0.12    0.00    3.19 ^ _08912_/A (sky130_fd_sc_hd__clkinv_2)
     3    0.02    0.07    0.10    3.30 v _08912_/Y (sky130_fd_sc_hd__clkinv_2)
                                         _03957_ (net)
                  0.07    0.00    3.30 v _13866_/A1 (sky130_fd_sc_hd__o21ai_0)
     1    0.01    0.24    0.24    3.54 ^ _13866_/Y (sky130_fd_sc_hd__o21ai_0)
                                         ALU.B_eff[3] (net)
                  0.24    0.00    3.54 ^ _17288_/B (sky130_fd_sc_hd__ha_1)
     3    0.01    0.08    0.30    3.84 v _17288_/SUM (sky130_fd_sc_hd__ha_1)
                                         ALU.u_adder.block0.p[3] (net)
                  0.08    0.00    3.84 v _08570_/A1 (sky130_fd_sc_hd__a21o_1)
     1    0.00    0.03    0.16    4.00 v _08570_/X (sky130_fd_sc_hd__a21o_1)
                                         _03628_ (net)
                  0.03    0.00    4.00 v _08571_/B1 (sky130_fd_sc_hd__a31o_2)
     1    0.00    0.04    0.20    4.20 v _08571_/X (sky130_fd_sc_hd__a31o_2)
                                         _03629_ (net)
                  0.04    0.00    4.20 v _08572_/B1 (sky130_fd_sc_hd__a41o_1)
     1    0.00    0.04    0.20    4.40 v _08572_/X (sky130_fd_sc_hd__a41o_1)
                                         _03630_ (net)
                  0.04    0.00    4.40 v _08573_/B1 (sky130_fd_sc_hd__a31o_2)
     2    0.02    0.07    0.25    4.65 v _08573_/X (sky130_fd_sc_hd__a31o_2)
                                         _03631_ (net)
                  0.07    0.00    4.65 v _08586_/A2 (sky130_fd_sc_hd__a21oi_4)
     2    0.01    0.14    0.18    4.83 ^ _08586_/Y (sky130_fd_sc_hd__a21oi_4)
                                         _03644_ (net)
                  0.14    0.00    4.83 ^ place2764/A (sky130_fd_sc_hd__buf_4)
     7    0.03    0.10    0.19    5.02 ^ place2764/X (sky130_fd_sc_hd__buf_4)
                                         net2763 (net)
                  0.10    0.00    5.02 ^ _10765_/C (sky130_fd_sc_hd__nor3_1)
     1    0.00    0.03    0.05    5.07 v _10765_/Y (sky130_fd_sc_hd__nor3_1)
                                         _05662_ (net)
                  0.03    0.00    5.07 v _10768_/B1 (sky130_fd_sc_hd__a311oi_1)
     1    0.00    0.22    0.24    5.31 ^ _10768_/Y (sky130_fd_sc_hd__a311oi_1)
                                         _05665_ (net)
                  0.22    0.00    5.31 ^ place2745/A (sky130_fd_sc_hd__buf_4)
     1    0.02    0.07    0.18    5.49 ^ place2745/X (sky130_fd_sc_hd__buf_4)
                                         net2744 (net)
                  0.07    0.00    5.49 ^ _10771_/A2 (sky130_fd_sc_hd__o21ai_0)
     1    0.01    0.17    0.14    5.64 v _10771_/Y (sky130_fd_sc_hd__o21ai_0)
                                         _05668_ (net)
                  0.17    0.00    5.64 v _10774_/C1 (sky130_fd_sc_hd__a2111oi_0)
     1    0.01    0.93    0.84    6.47 ^ _10774_/Y (sky130_fd_sc_hd__a2111oi_0)
                                         _05671_ (net)
                  0.93    0.00    6.48 ^ place2729/A (sky130_fd_sc_hd__buf_4)
     1    0.00    0.05    0.23    6.71 ^ place2729/X (sky130_fd_sc_hd__buf_4)
                                         net2728 (net)
                  0.05    0.00    6.71 ^ _10789_/B1 (sky130_fd_sc_hd__o2111ai_1)
     1    0.01    0.14    0.15    6.86 v _10789_/Y (sky130_fd_sc_hd__o2111ai_1)
                                         _05686_ (net)
                  0.14    0.00    6.86 v _10790_/C (sky130_fd_sc_hd__or3_1)
     2    0.01    0.09    0.37    7.23 v _10790_/X (sky130_fd_sc_hd__or3_1)
                                         ALU.result[15] (net)
                  0.09    0.00    7.23 v _10966_/A (sky130_fd_sc_hd__or4_1)
     1    0.01    0.11    0.56    7.79 v _10966_/X (sky130_fd_sc_hd__or4_1)
                                         _05851_ (net)
                  0.11    0.00    7.79 v _11269_/A (sky130_fd_sc_hd__or4_1)
     1    0.00    0.09    0.54    8.34 v _11269_/X (sky130_fd_sc_hd__or4_1)
                                         _06137_ (net)
                  0.09    0.00    8.34 v place2671/A (sky130_fd_sc_hd__buf_4)
     1    0.05    0.08    0.21    8.54 v place2671/X (sky130_fd_sc_hd__buf_4)
                                         net2670 (net)
                  0.08    0.00    8.55 v _11672_/B (sky130_fd_sc_hd__nor4_4)
     1    0.01    0.23    0.28    8.83 ^ _11672_/Y (sky130_fd_sc_hd__nor4_4)
                                         _06511_ (net)
                  0.23    0.00    8.83 ^ _12272_/A (sky130_fd_sc_hd__and4_4)
     1    0.01    0.07    0.27    9.10 ^ _12272_/X (sky130_fd_sc_hd__and4_4)
                                         _07047_ (net)
                  0.07    0.00    9.10 ^ place2654/A (sky130_fd_sc_hd__buf_12)
     2    0.05    0.07    0.13    9.22 ^ place2654/X (sky130_fd_sc_hd__buf_12)
                                         net2653 (net)
                  0.07    0.01    9.24 ^ _12537_/A (sky130_fd_sc_hd__and3_4)
     2    0.02    0.08    0.21    9.44 ^ _12537_/X (sky130_fd_sc_hd__and3_4)
                                         _07286_ (net)
                  0.08    0.00    9.45 ^ _12546_/A1 (sky130_fd_sc_hd__a211oi_4)
     2    0.01    0.07    0.07    9.52 v _12546_/Y (sky130_fd_sc_hd__a211oi_4)
                                         _07295_ (net)
                  0.07    0.00    9.52 v _12592_/A (sky130_fd_sc_hd__nor4_4)
     1    0.01    0.20    0.28    9.80 ^ _12592_/Y (sky130_fd_sc_hd__nor4_4)
                                         _07341_ (net)
                  0.20    0.00    9.80 ^ rebuffer4613/A (sky130_fd_sc_hd__buf_6)
     2    0.04    0.08    0.17    9.97 ^ rebuffer4613/X (sky130_fd_sc_hd__buf_6)
                                         net4612 (net)
                  0.08    0.00    9.97 ^ place2630/A (sky130_fd_sc_hd__buf_12)
     3    0.03    0.05    0.12   10.09 ^ place2630/X (sky130_fd_sc_hd__buf_12)
                                         net2629 (net)
                  0.05    0.00   10.09 ^ _15123_/C1 (sky130_fd_sc_hd__o211ai_1)
     4    0.02    0.30    0.22   10.31 v _15123_/Y (sky130_fd_sc_hd__o211ai_1)
                                         _02068_ (net)
                  0.30    0.00   10.31 v rebuffer4617/A (sky130_fd_sc_hd__buf_6)
     5    0.07    0.07    0.27   10.58 v rebuffer4617/X (sky130_fd_sc_hd__buf_6)
                                         net4616 (net)
                  0.07    0.01   10.59 v clone4616/A (sky130_fd_sc_hd__buf_12)
     8    0.10    0.06    0.17   10.76 v clone4616/X (sky130_fd_sc_hd__buf_12)
                                         net4615 (net)
                  0.06    0.00   10.76 v _15843_/B1 (sky130_fd_sc_hd__a211oi_2)
     1    0.00    0.15    0.18   10.94 ^ _15843_/Y (sky130_fd_sc_hd__a211oi_2)
                                         _00736_ (net)
                  0.15    0.00   10.94 ^ ID_EX_rs1[16]$_SDFF_PP0_/D (sky130_fd_sc_hd__dfxtp_1)
                                 10.94   data arrival time

                         10.00   10.00   clock clk (rise edge)
                          0.00   10.00   clock source latency
     1    0.09    0.25    0.19   10.19 ^ clk (in)
                                         clk (net)
                  0.25    0.00   10.19 ^ clkbuf_0_clk/A (sky130_fd_sc_hd__clkbuf_16)
     4    0.19    0.20    0.31   10.50 ^ clkbuf_0_clk/X (sky130_fd_sc_hd__clkbuf_16)
                                         clknet_0_clk (net)
                  0.20    0.01   10.50 ^ clkbuf_2_0_0_clk/A (sky130_fd_sc_hd__clkbuf_16)
     8    0.17    0.18    0.29   10.79 ^ clkbuf_2_0_0_clk/X (sky130_fd_sc_hd__clkbuf_16)
                                         clknet_2_0_0_clk (net)
                  0.18    0.00   10.79 ^ clkbuf_5_7__f_clk/A (sky130_fd_sc_hd__clkbuf_16)
    14    0.19    0.20    0.29   11.09 ^ clkbuf_5_7__f_clk/X (sky130_fd_sc_hd__clkbuf_16)
                                         clknet_5_7__leaf_clk (net)
                  0.20    0.01   11.09 ^ clkbuf_leaf_261_clk/A (sky130_fd_sc_hd__clkbuf_16)
     8    0.03    0.05    0.19   11.28 ^ clkbuf_leaf_261_clk/X (sky130_fd_sc_hd__clkbuf_16)
                                         clknet_leaf_261_clk (net)
                  0.05    0.00   11.28 ^ ID_EX_rs1[16]$_SDFF_PP0_/CLK (sky130_fd_sc_hd__dfxtp_1)
                         -0.20   11.08   clock uncertainty
                          0.00   11.08   clock reconvergence pessimism
                         -0.08   11.00   library setup time
                                 11.00   data required time
-----------------------------------------------------------------------------
                                 11.00   data required time
                                -10.94   data arrival time
-----------------------------------------------------------------------------
                                  0.06   slack (MET)



==========================================================================
finish report_check_types -max_slew -max_cap -max_fanout -violators
--------------------------------------------------------------------------

==========================================================================
finish max_slew_check_slack
--------------------------------------------------------------------------
0.25078341364860535

==========================================================================
finish max_slew_check_limit
--------------------------------------------------------------------------
1.4582829475402832

==========================================================================
finish max_slew_check_slack_limit
--------------------------------------------------------------------------
0.1720

==========================================================================
finish max_fanout_check_slack
--------------------------------------------------------------------------
1.0000000150474662e+30

==========================================================================
finish max_fanout_check_limit
--------------------------------------------------------------------------
1.0000000150474662e+30

==========================================================================
finish max_capacitance_check_slack
--------------------------------------------------------------------------
0.005532306153327227

==========================================================================
finish max_capacitance_check_limit
--------------------------------------------------------------------------
0.021067000925540924

==========================================================================
finish max_capacitance_check_slack_limit
--------------------------------------------------------------------------
0.2626

==========================================================================
finish max_slew_violation_count
--------------------------------------------------------------------------
max slew violation count 0

==========================================================================
finish max_fanout_violation_count
--------------------------------------------------------------------------
max fanout violation count 0

==========================================================================
finish max_cap_violation_count
--------------------------------------------------------------------------
max cap violation count 0

==========================================================================
finish setup_violation_count
--------------------------------------------------------------------------
setup violation count 0

==========================================================================
finish hold_violation_count
--------------------------------------------------------------------------
hold violation count 0

==========================================================================
finish report_checks -path_delay max reg to reg
--------------------------------------------------------------------------
Startpoint: EX_MEM_rd[2]$_DFF_P_
            (rising edge-triggered flip-flop clocked by clk)
Endpoint: ID_EX_rs1[16]$_SDFF_PP0_
          (rising edge-triggered flip-flop clocked by clk)
Path Group: clk
Path Type: max

  Delay    Time   Description
---------------------------------------------------------
   0.00    0.00   clock clk (rise edge)
   0.00    0.00   clock source latency
   0.19    0.19 ^ clk (in)
   0.31    0.50 ^ clkbuf_0_clk/X (sky130_fd_sc_hd__clkbuf_16)
   0.32    0.81 ^ clkbuf_2_1_0_clk/X (sky130_fd_sc_hd__clkbuf_16)
   0.30    1.12 ^ clkbuf_5_11__f_clk/X (sky130_fd_sc_hd__clkbuf_16)
   0.20    1.31 ^ clkbuf_leaf_246_clk/X (sky130_fd_sc_hd__clkbuf_16)
   0.00    1.31 ^ EX_MEM_rd[2]$_DFF_P_/CLK (sky130_fd_sc_hd__dfxtp_1)
   0.31    1.62 v EX_MEM_rd[2]$_DFF_P_/Q (sky130_fd_sc_hd__dfxtp_1)
   0.55    2.18 v _08704_/X (sky130_fd_sc_hd__or4_4)
   0.28    2.46 v _08715_/X (sky130_fd_sc_hd__or2_4)
   0.30    2.76 ^ _08735_/Y (sky130_fd_sc_hd__a31oi_4)
   0.22    2.98 ^ place4034/X (sky130_fd_sc_hd__buf_4)
   0.21    3.19 ^ _08910_/X (sky130_fd_sc_hd__a31o_4)
   0.10    3.30 v _08912_/Y (sky130_fd_sc_hd__clkinv_2)
   0.24    3.54 ^ _13866_/Y (sky130_fd_sc_hd__o21ai_0)
   0.30    3.84 v _17288_/SUM (sky130_fd_sc_hd__ha_1)
   0.16    4.00 v _08570_/X (sky130_fd_sc_hd__a21o_1)
   0.20    4.20 v _08571_/X (sky130_fd_sc_hd__a31o_2)
   0.20    4.40 v _08572_/X (sky130_fd_sc_hd__a41o_1)
   0.25    4.65 v _08573_/X (sky130_fd_sc_hd__a31o_2)
   0.18    4.83 ^ _08586_/Y (sky130_fd_sc_hd__a21oi_4)
   0.19    5.02 ^ place2764/X (sky130_fd_sc_hd__buf_4)
   0.05    5.07 v _10765_/Y (sky130_fd_sc_hd__nor3_1)
   0.24    5.31 ^ _10768_/Y (sky130_fd_sc_hd__a311oi_1)
   0.18    5.49 ^ place2745/X (sky130_fd_sc_hd__buf_4)
   0.15    5.64 v _10771_/Y (sky130_fd_sc_hd__o21ai_0)
   0.84    6.47 ^ _10774_/Y (sky130_fd_sc_hd__a2111oi_0)
   0.23    6.71 ^ place2729/X (sky130_fd_sc_hd__buf_4)
   0.15    6.86 v _10789_/Y (sky130_fd_sc_hd__o2111ai_1)
   0.37    7.23 v _10790_/X (sky130_fd_sc_hd__or3_1)
   0.56    7.79 v _10966_/X (sky130_fd_sc_hd__or4_1)
   0.54    8.34 v _11269_/X (sky130_fd_sc_hd__or4_1)
   0.21    8.54 v place2671/X (sky130_fd_sc_hd__buf_4)
   0.29    8.83 ^ _11672_/Y (sky130_fd_sc_hd__nor4_4)
   0.27    9.10 ^ _12272_/X (sky130_fd_sc_hd__and4_4)
   0.13    9.22 ^ place2654/X (sky130_fd_sc_hd__buf_12)
   0.22    9.44 ^ _12537_/X (sky130_fd_sc_hd__and3_4)
   0.07    9.52 v _12546_/Y (sky130_fd_sc_hd__a211oi_4)
   0.28    9.80 ^ _12592_/Y (sky130_fd_sc_hd__nor4_4)
   0.17    9.97 ^ rebuffer4613/X (sky130_fd_sc_hd__buf_6)
   0.12   10.09 ^ place2630/X (sky130_fd_sc_hd__buf_12)
   0.22   10.31 v _15123_/Y (sky130_fd_sc_hd__o211ai_1)
   0.27   10.58 v rebuffer4617/X (sky130_fd_sc_hd__buf_6)
   0.18   10.76 v clone4616/X (sky130_fd_sc_hd__buf_12)
   0.18   10.94 ^ _15843_/Y (sky130_fd_sc_hd__a211oi_2)
   0.00   10.94 ^ ID_EX_rs1[16]$_SDFF_PP0_/D (sky130_fd_sc_hd__dfxtp_1)
          10.94   data arrival time

  10.00   10.00   clock clk (rise edge)
   0.00   10.00   clock source latency
   0.19   10.19 ^ clk (in)
   0.31   10.50 ^ clkbuf_0_clk/X (sky130_fd_sc_hd__clkbuf_16)
   0.29   10.79 ^ clkbuf_2_0_0_clk/X (sky130_fd_sc_hd__clkbuf_16)
   0.30   11.09 ^ clkbuf_5_7__f_clk/X (sky130_fd_sc_hd__clkbuf_16)
   0.19   11.28 ^ clkbuf_leaf_261_clk/X (sky130_fd_sc_hd__clkbuf_16)
   0.00   11.28 ^ ID_EX_rs1[16]$_SDFF_PP0_/CLK (sky130_fd_sc_hd__dfxtp_1)
  -0.20   11.08   clock uncertainty
   0.00   11.08   clock reconvergence pessimism
  -0.08   11.00   library setup time
          11.00   data required time
---------------------------------------------------------
          11.00   data required time
         -10.94   data arrival time
---------------------------------------------------------
           0.06   slack (MET)



==========================================================================
finish report_checks -path_delay min reg to reg
--------------------------------------------------------------------------
Startpoint: EX_MEM_PC[59]$_DFF_P_
            (rising edge-triggered flip-flop clocked by clk)
Endpoint: MEM_WB_PC[59]$_DFF_P_ (rising edge-triggered flip-flop clocked by clk)
Path Group: clk
Path Type: min

  Delay    Time   Description
---------------------------------------------------------
   0.00    0.00   clock clk (rise edge)
   0.00    0.00   clock source latency
   0.19    0.19 ^ clk (in)
   0.31    0.50 ^ clkbuf_0_clk/X (sky130_fd_sc_hd__clkbuf_16)
   0.32    0.81 ^ clkbuf_2_3_0_clk/X (sky130_fd_sc_hd__clkbuf_16)
   0.29    1.10 ^ clkbuf_5_24__f_clk/X (sky130_fd_sc_hd__clkbuf_16)
   0.18    1.28 ^ clkbuf_leaf_147_clk/X (sky130_fd_sc_hd__clkbuf_16)
   0.00    1.28 ^ EX_MEM_PC[59]$_DFF_P_/CLK (sky130_fd_sc_hd__dfxtp_1)
   0.30    1.58 ^ EX_MEM_PC[59]$_DFF_P_/Q (sky130_fd_sc_hd__dfxtp_1)
   0.00    1.58 ^ MEM_WB_PC[59]$_DFF_P_/D (sky130_fd_sc_hd__dfxtp_1)
           1.58   data arrival time

   0.00    0.00   clock clk (rise edge)
   0.00    0.00   clock source latency
   0.19    0.19 ^ clk (in)
   0.31    0.50 ^ clkbuf_0_clk/X (sky130_fd_sc_hd__clkbuf_16)
   0.32    0.81 ^ clkbuf_2_3_0_clk/X (sky130_fd_sc_hd__clkbuf_16)
   0.32    1.14 ^ clkbuf_5_26__f_clk/X (sky130_fd_sc_hd__clkbuf_16)
   0.20    1.34 ^ clkbuf_leaf_188_clk/X (sky130_fd_sc_hd__clkbuf_16)
   0.00    1.34 ^ MEM_WB_PC[59]$_DFF_P_/CLK (sky130_fd_sc_hd__dfxtp_1)
   0.20    1.54   clock uncertainty
   0.00    1.54   clock reconvergence pessimism
  -0.03    1.51   library hold time
           1.51   data required time
---------------------------------------------------------
           1.51   data required time
          -1.58   data arrival time
---------------------------------------------------------
           0.07   slack (MET)



==========================================================================
finish critical path target clock latency max path
--------------------------------------------------------------------------
1.2893

==========================================================================
finish critical path target clock latency min path
--------------------------------------------------------------------------
1.3396

==========================================================================
finish critical path source clock latency min path
--------------------------------------------------------------------------
0.0000

==========================================================================
finish critical path delay
--------------------------------------------------------------------------
10.9409

==========================================================================
finish critical path slack
--------------------------------------------------------------------------
0.0612

==========================================================================
finish slack div critical path delay
--------------------------------------------------------------------------
0.559369

==========================================================================
finish report_power
--------------------------------------------------------------------------
Group                  Internal  Switching    Leakage      Total
                          Power      Power      Power      Power (Watts)
----------------------------------------------------------------
Sequential             1.48e-02   1.10e-03   2.55e-08   1.59e-02  35.5%
Combinational          5.31e-03   1.09e-02   3.83e-08   1.62e-02  36.2%
Clock                  7.22e-03   5.45e-03   5.45e-09   1.27e-02  28.3%
Macro                  0.00e+00   0.00e+00   0.00e+00   0.00e+00   0.0%
Pad                    0.00e+00   0.00e+00   0.00e+00   0.00e+00   0.0%
----------------------------------------------------------------
Total                  2.73e-02   1.74e-02   6.93e-08   4.47e-02 100.0%
                          61.0%      39.0%       0.0%
